// Jest Snapshot v1, https://goo.gl/fbAQLP

exports[`MainForm should match the initial snapshot 1`] = `
<form
  className="main__form-flight"
  onSubmit={[Function]}
>
  <h3>
    Where are we getting together?
  </h3>
  <section>
    <input
      autoComplete="off"
      className="destination"
      list="airportCodes"
      name="destination"
      onChange={[Function]}
      placeholder="SDY"
      required={true}
      type="text"
    />
  </section>
  <h3
    className="originatingAirport"
  >
    Where Are We Traveling From?
  </h3>
  <section
    className="form__section"
  >
    <div
      className="section__departure-container"
    >
      <label>
        Me
      </label>
      <input
        autoComplete="on"
        className="airport0"
        list="airportCodes"
        name="meStart"
        onChange={[Function]}
        placeholder="DEN"
        required={true}
        type="text"
      />
    </div>
    <div
      className="section__departure-container"
    >
      <label>
        You
      </label>
      <input
        autoComplete="off"
        className="airport1"
        list="airportCodes"
        name="youStart"
        onChange={[Function]}
        placeholder="JFK"
        required={true}
        type="text"
      />
    </div>
  </section>
  <h3>
    When Are We Going?
  </h3>
  <section
    className="form__section"
  >
    <div
      className="date__container"
    >
      <label>
        Leaving On
      </label>
      <input
        className="startDate"
        name="startDate"
        onChange={[Function]}
        placeholder="mm/dd/yyyy"
        required={true}
        type="date"
      />
    </div>
    <div
      className="date__container"
    >
      <label>
        Coming Back
      </label>
      <input
        className="endDate"
        name="returnDate"
        onChange={[Function]}
        placeholder="mm/dd/yyyy"
        required={true}
        type="date"
      />
    </div>
  </section>
  <button
    className="form__btn-submit"
    type="submit"
  >
    Let's Go!
  </button>
  <datalist
    id="airportCodes"
  >
    <option
      key="0"
      value="5A8:Aleknagik"
    />
    <option
      key="1"
      value="79J:Andalusia"
    />
    <option
      key="2"
      value="ABE:Allentown"
    />
    <option
      key="3"
      value="ABI:Abilene"
    />
    <option
      key="4"
      value="ABQ:Albuquerque"
    />
    <option
      key="5"
      value="ABR:Aberdeen"
    />
    <option
      key="6"
      value="ABY:Albany"
    />
    <option
      key="7"
      value="ACK:Nantucket"
    />
    <option
      key="8"
      value="ACT:Waco"
    />
    <option
      key="9"
      value="ACV:Arcata"
    />
    <option
      key="10"
      value="ACY:Atlantic City"
    />
    <option
      key="11"
      value="ADW:Camp Springs"
    />
    <option
      key="12"
      value="AEX:Alexandria"
    />
    <option
      key="13"
      value="AFW:Fort Worth"
    />
    <option
      key="14"
      value="AGC:Pittsburgh"
    />
    <option
      key="15"
      value="AGS:Augusta"
    />
    <option
      key="16"
      value="AHN:Athens"
    />
    <option
      key="17"
      value="AKR:Akron"
    />
    <option
      key="18"
      value="ALB:Albany"
    />
    <option
      key="19"
      value="ALI:Alice"
    />
    <option
      key="20"
      value="ALM:Alamogordo"
    />
    <option
      key="21"
      value="ALN:St Louis"
    />
    <option
      key="22"
      value="ALO:Waterloo"
    />
    <option
      key="23"
      value="ALS:Alamosa"
    />
    <option
      key="24"
      value="ALW:Walla Walla"
    />
    <option
      key="25"
      value="AMA:Amarillo"
    />
    <option
      key="26"
      value="ANB:Anniston"
    />
    <option
      key="27"
      value="AND:Anderson"
    />
    <option
      key="28"
      value="AOO:Altoona"
    />
    <option
      key="29"
      value="APA:Denver"
    />
    <option
      key="30"
      value="APF:Naples"
    />
    <option
      key="31"
      value="APG:Aberdeen"
    />
    <option
      key="32"
      value="APN:Alpena"
    />
    <option
      key="33"
      value="ARA:New Iberia"
    />
    <option
      key="34"
      value="ART:Watertown"
    />
    <option
      key="35"
      value="ASE:Aspen"
    />
    <option
      key="36"
      value="AST:Astoria"
    />
    <option
      key="37"
      value="ATL:Atlanta"
    />
    <option
      key="38"
      value="ATY:Watertown"
    />
    <option
      key="39"
      value="AUG:Augusta"
    />
    <option
      key="40"
      value="AUS:Austin"
    />
    <option
      key="41"
      value="AUW:Wausau"
    />
    <option
      key="42"
      value="AVL:Asheville"
    />
    <option
      key="43"
      value="AVP:Scranton"
    />
    <option
      key="44"
      value="AXN:Alexandria"
    />
    <option
      key="45"
      value="AZO:Kalamazoo"
    />
    <option
      key="46"
      value="BAB:Marysville"
    />
    <option
      key="47"
      value="BAD:Bossier City"
    />
    <option
      key="48"
      value="BAF:Westfield"
    />
    <option
      key="49"
      value="BAK:Columbus"
    />
    <option
      key="50"
      value="BBD:Brady"
    />
    <option
      key="51"
      value="BCE:Bryce Canyon"
    />
    <option
      key="52"
      value="BDE:Baudette"
    />
    <option
      key="53"
      value="BDL:Hartford"
    />
    <option
      key="54"
      value="BDR:Bridgeport"
    />
    <option
      key="55"
      value="BED:Bedford"
    />
    <option
      key="56"
      value="BFD:Bradford"
    />
    <option
      key="57"
      value="BFF:Scottsbluff"
    />
    <option
      key="58"
      value="BFI:Seattle"
    />
    <option
      key="59"
      value="BFL:Bakersfield"
    />
    <option
      key="60"
      value="BFM:Mobile"
    />
    <option
      key="61"
      value="BGM:Binghamton"
    />
    <option
      key="62"
      value="BGR:Bangor"
    />
    <option
      key="63"
      value="BHB:Bar Harbor"
    />
    <option
      key="64"
      value="BHM:Birmingham"
    />
    <option
      key="65"
      value="BIF:Fort Bliss"
    />
    <option
      key="66"
      value="BIH:Bishop"
    />
    <option
      key="67"
      value="BIL:Billings"
    />
    <option
      key="68"
      value="BIS:Bismarck"
    />
    <option
      key="69"
      value="BIX:Biloxi"
    />
    <option
      key="70"
      value="BJC:Denver"
    />
    <option
      key="71"
      value="BJI:Bemidji"
    />
    <option
      key="72"
      value="BKE:Baker City"
    />
    <option
      key="73"
      value="BKF:Aurora"
    />
    <option
      key="74"
      value="BKL:Cleveland"
    />
    <option
      key="75"
      value="BKW:Beckley"
    />
    <option
      key="76"
      value="BLF:Bluefield"
    />
    <option
      key="77"
      value="BLH:Blythe"
    />
    <option
      key="78"
      value="BLI:Bellingham"
    />
    <option
      key="79"
      value="BLV:Belleville"
    />
    <option
      key="80"
      value="BMG:Bloomington"
    />
    <option
      key="81"
      value="BMI:Bloomington"
    />
    <option
      key="82"
      value="BNA:Nashville"
    />
    <option
      key="83"
      value="BNO:Burns"
    />
    <option
      key="84"
      value="BOI:Boise"
    />
    <option
      key="85"
      value="BOS:Boston"
    />
    <option
      key="86"
      value="BPI:Big Piney"
    />
    <option
      key="87"
      value="BPK:Mountain Home"
    />
    <option
      key="88"
      value="BPT:Port Arthur"
    />
    <option
      key="89"
      value="BQK:Brunswick"
    />
    <option
      key="90"
      value="BRD:Brainerd"
    />
    <option
      key="91"
      value="BRL:Burlington"
    />
    <option
      key="92"
      value="BRO:Brownsville"
    />
    <option
      key="93"
      value="BTL:Battle Creek"
    />
    <option
      key="94"
      value="BTM:Butte"
    />
    <option
      key="95"
      value="BTR:Baton Rouge"
    />
    <option
      key="96"
      value="BTV:Burlington"
    />
    <option
      key="97"
      value="BUF:Buffalo"
    />
    <option
      key="98"
      value="BUR:Burbank"
    />
    <option
      key="99"
      value="BVI:Beaver Falls"
    />
    <option
      key="100"
      value="BVY:Beverly"
    />
    <option
      key="101"
      value="BWG:Bowling Green"
    />
    <option
      key="102"
      value="BWI:Baltimore"
    />
    <option
      key="103"
      value="BYH:Blytheville"
    />
    <option
      key="104"
      value="BYI:Burley"
    />
    <option
      key="105"
      value="BYS:Fort Irwin"
    />
    <option
      key="106"
      value="BZN:Bozeman"
    />
    <option
      key="107"
      value="CAE:Columbia"
    />
    <option
      key="108"
      value="CAK:Akron"
    />
    <option
      key="109"
      value="CAR:Caribou"
    />
    <option
      key="110"
      value="CBM:Columbus"
    />
    <option
      key="111"
      value="CCY:Charles City"
    />
    <option
      key="112"
      value="CDC:Cedar City"
    />
    <option
      key="113"
      value="CDR:Chadron"
    />
    <option
      key="114"
      value="CDS:Childress"
    />
    <option
      key="115"
      value="CEC:Crescent City"
    />
    <option
      key="116"
      value="CEF:Chicopee"
    />
    <option
      key="117"
      value="CEW:Crestview"
    />
    <option
      key="118"
      value="CGF:Cleveland"
    />
    <option
      key="119"
      value="CGI:Cape Girardeau"
    />
    <option
      key="120"
      value="CHA:Chattanooga"
    />
    <option
      key="121"
      value="CHO:Charlottesville"
    />
    <option
      key="122"
      value="CHS:Charleston"
    />
    <option
      key="123"
      value="CID:Cedar Rapids"
    />
    <option
      key="124"
      value="CIU:Sault Ste Marie"
    />
    <option
      key="125"
      value="CKB:Clarksburg"
    />
    <option
      key="126"
      value="CLE:Cleveland"
    />
    <option
      key="127"
      value="CLL:College Station"
    />
    <option
      key="128"
      value="CLM:Port Angeles"
    />
    <option
      key="129"
      value="CLT:Charlotte"
    />
    <option
      key="130"
      value="CMH:Columbus"
    />
    <option
      key="131"
      value="CMI:Champaign"
    />
    <option
      key="132"
      value="CMX:Hancock"
    />
    <option
      key="133"
      value="CNM:Carlsbad"
    />
    <option
      key="134"
      value="CNU:Chanute"
    />
    <option
      key="135"
      value="COD:Cody"
    />
    <option
      key="136"
      value="COE:Coeur d'Alene"
    />
    <option
      key="137"
      value="COF:Cocoa Beach"
    />
    <option
      key="138"
      value="CON:Concord"
    />
    <option
      key="139"
      value="COS:Colorado Springs"
    />
    <option
      key="140"
      value="COU:Columbia"
    />
    <option
      key="141"
      value="CPR:Casper"
    />
    <option
      key="142"
      value="CRE:North Myrtle Beach"
    />
    <option
      key="143"
      value="CRG:Jacksonville"
    />
    <option
      key="144"
      value="CRP:Corpus Christi"
    />
    <option
      key="145"
      value="CRQ:Carlsbad"
    />
    <option
      key="146"
      value="CRW:Charleston"
    />
    <option
      key="147"
      value="CSG:Columbus"
    />
    <option
      key="148"
      value="CSV:Crossville"
    />
    <option
      key="149"
      value="CTB:Cut Bank"
    />
    <option
      key="150"
      value="CUB:Columbia"
    />
    <option
      key="151"
      value="CVG:Cincinnati"
    />
    <option
      key="152"
      value="CVO:Corvallis"
    />
    <option
      key="153"
      value="CVS:Clovis"
    />
    <option
      key="154"
      value="CWA:Mosinee"
    />
    <option
      key="155"
      value="CXO:Houston"
    />
    <option
      key="156"
      value="CYS:Cheyenne"
    />
    <option
      key="157"
      value="DAA:Fort Belvoir"
    />
    <option
      key="158"
      value="DAB:Daytona Beach"
    />
    <option
      key="159"
      value="DAG:Daggett"
    />
    <option
      key="160"
      value="DAL:Dallas"
    />
    <option
      key="161"
      value="DAN:Danville"
    />
    <option
      key="162"
      value="DAY:Dayton"
    />
    <option
      key="163"
      value="DBQ:Dubuque"
    />
    <option
      key="164"
      value="DCA:Washington"
    />
    <option
      key="165"
      value="DDC:Dodge City"
    />
    <option
      key="166"
      value="DEC:Decatur"
    />
    <option
      key="167"
      value="DEN:Denver"
    />
    <option
      key="168"
      value="DET:Detroit"
    />
    <option
      key="169"
      value="DFW:Dallas-Fort Worth"
    />
    <option
      key="170"
      value="DHN:Dothan"
    />
    <option
      key="171"
      value="DHT:Dalhart"
    />
    <option
      key="172"
      value="DIK:Dickinson"
    />
    <option
      key="173"
      value="DLF:Del Rio"
    />
    <option
      key="174"
      value="DLH:Duluth"
    />
    <option
      key="175"
      value="DLS:The Dalles"
    />
    <option
      key="176"
      value="DMA:Tucson"
    />
    <option
      key="177"
      value="DMN:Deming"
    />
    <option
      key="178"
      value="DNL:Augusta"
    />
    <option
      key="179"
      value="DOV:Dover"
    />
    <option
      key="180"
      value="DPA:Chicago"
    />
    <option
      key="181"
      value="NV65:Mercury"
    />
    <option
      key="182"
      value="DRI:De Ridder"
    />
    <option
      key="183"
      value="DRT:Del Rio"
    />
    <option
      key="184"
      value="DSM:Des Moines"
    />
    <option
      key="185"
      value="DTW:Detroit"
    />
    <option
      key="186"
      value="DUG:Douglas Bisbee"
    />
    <option
      key="187"
      value="DUJ:Dubois"
    />
    <option
      key="188"
      value="DYS:Abilene"
    />
    <option
      key="189"
      value="EAT:Wenatchee"
    />
    <option
      key="190"
      value="EAU:Eau Claire"
    />
    <option
      key="191"
      value="ECG:Elizabeth City"
    />
    <option
      key="192"
      value="ECP:Panama City Beach"
    />
    <option
      key="193"
      value="EDW:Edwards"
    />
    <option
      key="194"
      value="EED:Needles"
    />
    <option
      key="195"
      value="EEN:Keene"
    />
    <option
      key="196"
      value="EET:Alabaster"
    />
    <option
      key="197"
      value="EFD:Houston"
    />
    <option
      key="198"
      value="EGE:Eagle"
    />
    <option
      key="199"
      value="EGI:Crestview"
    />
    <option
      key="200"
      value="EKA:Eureka"
    />
    <option
      key="201"
      value="EKN:Elkins"
    />
    <option
      key="202"
      value="EKO:Elko"
    />
    <option
      key="203"
      value="ELD:El Dorado"
    />
    <option
      key="204"
      value="ELM:Elmira"
    />
    <option
      key="205"
      value="ELO:Ely"
    />
    <option
      key="206"
      value="ELP:El Paso"
    />
    <option
      key="207"
      value="ELY:Ely"
    />
    <option
      key="208"
      value="END:Enid"
    />
    <option
      key="209"
      value="ENV:Wendover"
    />
    <option
      key="210"
      value="ENW:Kenosha"
    />
    <option
      key="211"
      value="ERI:Erie"
    />
    <option
      key="212"
      value="ESF:Alexandria"
    />
    <option
      key="213"
      value="EUG:Eugene"
    />
    <option
      key="214"
      value="EVV:Evansville"
    />
    <option
      key="215"
      value="EVW:Evanston"
    />
    <option
      key="216"
      value="EWB:New Bedford"
    />
    <option
      key="217"
      value="EWN:New Bern"
    />
    <option
      key="218"
      value="EWR:Newark"
    />
    <option
      key="219"
      value="EYW:Key West"
    />
    <option
      key="220"
      value="FAF:Fort Eustis"
    />
    <option
      key="221"
      value="FAR:Fargo"
    />
    <option
      key="222"
      value="FAT:Fresno"
    />
    <option
      key="223"
      value="FAY:Fayetteville"
    />
    <option
      key="224"
      value="FBG:Fort Bragg"
    />
    <option
      key="225"
      value="FCS:Fort Carson"
    />
    <option
      key="226"
      value="FDY:Findlay"
    />
    <option
      key="227"
      value="FFO:Dayton"
    />
    <option
      key="228"
      value="FHU:Fort Huachuca Sierra Vista"
    />
    <option
      key="229"
      value="FKL:Franklin"
    />
    <option
      key="230"
      value="FLG:Flagstaff"
    />
    <option
      key="231"
      value="FLL:Fort Lauderdale"
    />
    <option
      key="232"
      value="FLO:Florence"
    />
    <option
      key="233"
      value="FME:Fort Meade"
    />
    <option
      key="234"
      value="FMN:Farmington"
    />
    <option
      key="235"
      value="FMY:Fort Myers"
    />
    <option
      key="236"
      value="FNT:Flint"
    />
    <option
      key="237"
      value="FOD:Fort Dodge"
    />
    <option
      key="238"
      value="FOE:Topeka"
    />
    <option
      key="239"
      value="FPR:Fort Pierce"
    />
    <option
      key="240"
      value="FRG:Farmingdale"
    />
    <option
      key="241"
      value="FRI:Fort Riley"
    />
    <option
      key="242"
      value="FSD:Sioux Falls"
    />
    <option
      key="243"
      value="FSI:Fort Sill"
    />
    <option
      key="244"
      value="FSM:Fort Smith"
    />
    <option
      key="245"
      value="FST:Fort Stockton"
    />
    <option
      key="246"
      value="FTK:Fort Knox"
    />
    <option
      key="247"
      value="FTW:Fort Worth"
    />
    <option
      key="248"
      value="FTY:Atlanta"
    />
    <option
      key="249"
      value="FWA:Fort Wayne"
    />
    <option
      key="250"
      value="FXE:Fort Lauderdale"
    />
    <option
      key="251"
      value="FYV:Fayetteville"
    />
    <option
      key="252"
      value="GCC:Gillette"
    />
    <option
      key="253"
      value="GCK:Garden City"
    />
    <option
      key="254"
      value="GCN:Grand Canyon"
    />
    <option
      key="255"
      value="GDV:Glendive"
    />
    <option
      key="256"
      value="GEG:Spokane"
    />
    <option
      key="257"
      value="GFK:Grand Forks"
    />
    <option
      key="258"
      value="GFL:Glens Falls"
    />
    <option
      key="259"
      value="GGG:Longview"
    />
    <option
      key="260"
      value="GGW:Glasgow"
    />
    <option
      key="261"
      value="GJT:Grand Junction"
    />
    <option
      key="262"
      value="GLD:Goodland"
    />
    <option
      key="263"
      value="GLH:Greenville"
    />
    <option
      key="264"
      value="GLS:Galveston"
    />
    <option
      key="265"
      value="GMU:Greenville"
    />
    <option
      key="266"
      value="GNV:Gainesville"
    />
    <option
      key="267"
      value="GON:Groton"
    />
    <option
      key="268"
      value="GPI:Kalispell"
    />
    <option
      key="269"
      value="GPT:Gulfport"
    />
    <option
      key="270"
      value="GRB:Green Bay"
    />
    <option
      key="271"
      value="GRF:Fort Lewis"
    />
    <option
      key="272"
      value="GRI:Grand Island"
    />
    <option
      key="273"
      value="GRK:Fort Hood"
    />
    <option
      key="274"
      value="GRR:Grand Rapids"
    />
    <option
      key="275"
      value="GSB:Goldsboro"
    />
    <option
      key="276"
      value="GSO:Greensboro"
    />
    <option
      key="277"
      value="GSP:Greenville"
    />
    <option
      key="278"
      value="GTB:Fort Drum"
    />
    <option
      key="279"
      value="GTF:Great Falls"
    />
    <option
      key="280"
      value="GTR:Starkville"
    />
    <option
      key="281"
      value="GUP:Gallup"
    />
    <option
      key="282"
      value="GUS:Peru"
    />
    <option
      key="283"
      value="GUY:Guymon"
    />
    <option
      key="284"
      value="GWO:Greenwood"
    />
    <option
      key="285"
      value="GYY:Gary"
    />
    <option
      key="286"
      value="HBG:Hattiesburg"
    />
    <option
      key="287"
      value="HBR:Hobart"
    />
    <option
      key="288"
      value="HFD:Hartford"
    />
    <option
      key="289"
      value="HGR:Hagerstown"
    />
    <option
      key="290"
      value="HHR:Hawthorne"
    />
    <option
      key="291"
      value="HIB:Hibbing"
    />
    <option
      key="292"
      value="HIF:Ogden"
    />
    <option
      key="293"
      value="HIO:Portland"
    />
    <option
      key="294"
      value="HKY:Hickory"
    />
    <option
      key="295"
      value="HLG:Wheeling"
    />
    <option
      key="296"
      value="HLN:Helena"
    />
    <option
      key="297"
      value="HLR:Fort Hood"
    />
    <option
      key="298"
      value="HMN:Alamogordo"
    />
    <option
      key="299"
      value="HOB:Hobbs"
    />
    <option
      key="300"
      value="HON:Huron"
    />
    <option
      key="301"
      value="HOP:Fort Campbell"
    />
    <option
      key="302"
      value="HOT:Hot Springs"
    />
    <option
      key="303"
      value="HOU:Houston"
    />
    <option
      key="304"
      value="HPN:White Plains"
    />
    <option
      key="305"
      value="HQM:Hoquiam"
    />
    <option
      key="306"
      value="HRL:Harlingen"
    />
    <option
      key="307"
      value="HRO:Harrison"
    />
    <option
      key="308"
      value="HRT:Mary Esther"
    />
    <option
      key="309"
      value="HST:Homestead"
    />
    <option
      key="310"
      value="HSV:Huntsville"
    />
    <option
      key="311"
      value="HTS:Huntington"
    />
    <option
      key="312"
      value="HUA:Redstone Arsnl Huntsville"
    />
    <option
      key="313"
      value="HUF:Terre Haute"
    />
    <option
      key="314"
      value="HUL:Houlton"
    />
    <option
      key="315"
      value="HUT:Hutchinson"
    />
    <option
      key="316"
      value="HVN:New Haven"
    />
    <option
      key="317"
      value="HVR:Havre"
    />
    <option
      key="318"
      value="HYA:Hyannis"
    />
    <option
      key="319"
      value="HYI:San Marcos"
    />
    <option
      key="320"
      value="HYR:Hayward"
    />
    <option
      key="321"
      value="HYS:Hays"
    />
    <option
      key="322"
      value="IAB:Wichita"
    />
    <option
      key="323"
      value="IAD:Washington"
    />
    <option
      key="324"
      value="IAG:Niagara Falls"
    />
    <option
      key="325"
      value="IAH:Houston"
    />
    <option
      key="326"
      value="ICT:Wichita"
    />
    <option
      key="327"
      value="IDA:Idaho Falls"
    />
    <option
      key="328"
      value="IKK:Kankakee"
    />
    <option
      key="329"
      value="ILG:Wilmington"
    />
    <option
      key="330"
      value="ILM:Wilmington"
    />
    <option
      key="331"
      value="ILN:Wilmington"
    />
    <option
      key="332"
      value="IND:Indianapolis"
    />
    <option
      key="333"
      value="INK:Wink"
    />
    <option
      key="334"
      value="INL:International Falls"
    />
    <option
      key="335"
      value="INT:Winston Salem"
    />
    <option
      key="336"
      value="INW:Winslow"
    />
    <option
      key="337"
      value="IPL:Imperial"
    />
    <option
      key="338"
      value="IPT:Williamsport"
    />
    <option
      key="339"
      value="IRK:Kirksville"
    />
    <option
      key="340"
      value="ISM:Orlando"
    />
    <option
      key="341"
      value="ISN:Williston"
    />
    <option
      key="342"
      value="ISO:Kinston"
    />
    <option
      key="343"
      value="ISP:Islip"
    />
    <option
      key="344"
      value="ITH:Ithaca"
    />
    <option
      key="345"
      value="IWA:Phoenix"
    />
    <option
      key="346"
      value="JAC:Jackson"
    />
    <option
      key="347"
      value="JAN:Jackson"
    />
    <option
      key="348"
      value="JAX:Jacksonville"
    />
    <option
      key="349"
      value="JBR:Jonesboro"
    />
    <option
      key="350"
      value="JCT:Junction"
    />
    <option
      key="351"
      value="JFK:New York"
    />
    <option
      key="352"
      value="JHW:Jamestown"
    />
    <option
      key="353"
      value="JKL:Jackson"
    />
    <option
      key="354"
      value="JLN:Joplin"
    />
    <option
      key="355"
      value="JMS:Jamestown"
    />
    <option
      key="356"
      value="JST:Johnstown"
    />
    <option
      key="357"
      value="JXN:Jackson"
    />
    <option
      key="358"
      value="KLS:Kelso"
    />
    <option
      key="359"
      value="LAF:Lafayette"
    />
    <option
      key="360"
      value="LAL:Lakeland"
    />
    <option
      key="361"
      value="LAN:Lansing"
    />
    <option
      key="362"
      value="LAR:Laramie"
    />
    <option
      key="363"
      value="LAS:Las Vegas"
    />
    <option
      key="364"
      value="LAW:Lawton"
    />
    <option
      key="365"
      value="LAX:Los Angeles"
    />
    <option
      key="366"
      value="LBB:Lubbock"
    />
    <option
      key="367"
      value="LBE:Latrobe"
    />
    <option
      key="368"
      value="LBF:North Platte"
    />
    <option
      key="369"
      value="LBL:Liberal"
    />
    <option
      key="370"
      value="LBT:Lumberton"
    />
    <option
      key="371"
      value="LBX:Angleton"
    />
    <option
      key="372"
      value="LCH:Lake Charles"
    />
    <option
      key="373"
      value="LCK:Columbus"
    />
    <option
      key="374"
      value="LEB:Lebanon"
    />
    <option
      key="375"
      value="LEE:Leesburg"
    />
    <option
      key="376"
      value="LEX:Lexington"
    />
    <option
      key="377"
      value="LFI:Hampton"
    />
    <option
      key="378"
      value="LFK:Lufkin"
    />
    <option
      key="379"
      value="LFT:Lafayette"
    />
    <option
      key="380"
      value="LGA:New York"
    />
    <option
      key="381"
      value="LGB:Long Beach"
    />
    <option
      key="382"
      value="LGU:Logan"
    />
    <option
      key="383"
      value="LIT:Little Rock"
    />
    <option
      key="384"
      value="LLQ:Monticello"
    />
    <option
      key="385"
      value="LMT:Klamath Falls"
    />
    <option
      key="386"
      value="LND:Lander"
    />
    <option
      key="387"
      value="LNK:Lincoln"
    />
    <option
      key="388"
      value="LNS:Lancaster"
    />
    <option
      key="389"
      value="LOL:Lovelock"
    />
    <option
      key="390"
      value="LOU:Louisville"
    />
    <option
      key="391"
      value="LOZ:London"
    />
    <option
      key="392"
      value="LRD:Laredo"
    />
    <option
      key="393"
      value="LRF:Jacksonville"
    />
    <option
      key="394"
      value="LRU:Las Cruces"
    />
    <option
      key="395"
      value="LSE:La Crosse"
    />
    <option
      key="396"
      value="LSF:Fort Benning"
    />
    <option
      key="397"
      value="LSV:Las Vegas"
    />
    <option
      key="398"
      value="LTS:Altus"
    />
    <option
      key="399"
      value="LUF:Glendale"
    />
    <option
      key="400"
      value="LUK:Cincinnati"
    />
    <option
      key="401"
      value="LVM:Livingston"
    />
    <option
      key="402"
      value="LVS:Las Vegas"
    />
    <option
      key="403"
      value="LWB:Lewisburg"
    />
    <option
      key="404"
      value="LWM:Lawrence"
    />
    <option
      key="405"
      value="LWS:Lewiston"
    />
    <option
      key="406"
      value="LWT:Lewistown"
    />
    <option
      key="407"
      value="LYH:Lynchburg"
    />
    <option
      key="408"
      value="MAF:Midland"
    />
    <option
      key="409"
      value="MBG:Mobridge"
    />
    <option
      key="410"
      value="MBS:Saginaw"
    />
    <option
      key="411"
      value="MCB:Mc Comb"
    />
    <option
      key="412"
      value="MCC:Sacramento"
    />
    <option
      key="413"
      value="MCE:Merced"
    />
    <option
      key="414"
      value="MCF:Tampa"
    />
    <option
      key="415"
      value="MCI:Kansas City"
    />
    <option
      key="416"
      value="MCK:Mc Cook"
    />
    <option
      key="417"
      value="MCN:Macon"
    />
    <option
      key="418"
      value="MCO:Orlando"
    />
    <option
      key="419"
      value="MCW:Mason City"
    />
    <option
      key="420"
      value="MDH:Carbondale"
    />
    <option
      key="421"
      value="MDT:Harrisburg"
    />
    <option
      key="422"
      value="MDW:Chicago"
    />
    <option
      key="423"
      value="MEI:Meridian"
    />
    <option
      key="424"
      value="MEM:Memphis"
    />
    <option
      key="425"
      value="MER:Merced"
    />
    <option
      key="426"
      value="MFD:Mansfield"
    />
    <option
      key="427"
      value="MFE:Mc Allen"
    />
    <option
      key="428"
      value="MFR:Medford"
    />
    <option
      key="429"
      value="MGE:Marietta"
    />
    <option
      key="430"
      value="MGM:Montgomery"
    />
    <option
      key="431"
      value="MGW:Morgantown"
    />
    <option
      key="432"
      value="MHK:Manhattan"
    />
    <option
      key="433"
      value="MHR:Sacramento"
    />
    <option
      key="434"
      value="MHT:Manchester"
    />
    <option
      key="435"
      value="MIA:Miami"
    />
    <option
      key="436"
      value="MIB:Minot"
    />
    <option
      key="437"
      value="MIE:Muncie"
    />
    <option
      key="438"
      value="MIV:Millville"
    />
    <option
      key="439"
      value="MKC:Kansas City"
    />
    <option
      key="440"
      value="MKE:Milwaukee"
    />
    <option
      key="441"
      value="MKL:Jackson"
    />
    <option
      key="442"
      value="MLB:Melbourne"
    />
    <option
      key="443"
      value="MLC:Mc Alester"
    />
    <option
      key="444"
      value="MLI:Moline"
    />
    <option
      key="445"
      value="MLS:Miles City"
    />
    <option
      key="446"
      value="MLU:Monroe"
    />
    <option
      key="447"
      value="MMT:Eastover"
    />
    <option
      key="448"
      value="MMU:Morristown"
    />
    <option
      key="449"
      value="MMV:Mc Minnville"
    />
    <option
      key="450"
      value="MOB:Mobile"
    />
    <option
      key="451"
      value="MOD:Modesto"
    />
    <option
      key="452"
      value="MOT:Minot"
    />
    <option
      key="453"
      value="MPV:Montpelier"
    />
    <option
      key="454"
      value="MQY:Smyrna"
    />
    <option
      key="455"
      value="MRB:Martinsburg"
    />
    <option
      key="456"
      value="MRY:Monterey"
    />
    <option
      key="457"
      value="MSL:Muscle Shoals"
    />
    <option
      key="458"
      value="MSN:Madison"
    />
    <option
      key="459"
      value="MSO:Missoula"
    />
    <option
      key="460"
      value="MSP:Minneapolis"
    />
    <option
      key="461"
      value="MSS:Massena"
    />
    <option
      key="462"
      value="MSY:New Orleans"
    />
    <option
      key="463"
      value="MTC:Mount Clemens"
    />
    <option
      key="464"
      value="MTH:Marathon"
    />
    <option
      key="465"
      value="MTJ:Montrose"
    />
    <option
      key="466"
      value="MTN:Baltimore"
    />
    <option
      key="467"
      value="MUI:Fort Indiantown Gap"
    />
    <option
      key="468"
      value="MUO:Mountain Home"
    />
    <option
      key="469"
      value="MWH:Moses Lake"
    />
    <option
      key="470"
      value="MXF:Montgomery"
    />
    <option
      key="471"
      value="MYL:McCall"
    />
    <option
      key="472"
      value="MYR:Myrtle Beach"
    />
    <option
      key="473"
      value="MYV:Marysville"
    />
    <option
      key="474"
      value="NBC:Beaufort"
    />
    <option
      key="475"
      value="NBG:New Orleans"
    />
    <option
      key="476"
      value="NCA:Jacksonville"
    />
    <option
      key="477"
      value="NDZ:Milton"
    />
    <option
      key="478"
      value="NEL:Lakehurst"
    />
    <option
      key="479"
      value="NEW:New Orleans"
    />
    <option
      key="480"
      value="NFG:Oceanside"
    />
    <option
      key="481"
      value="NFL:Fallon"
    />
    <option
      key="482"
      value="NFW:Fort Worth"
    />
    <option
      key="483"
      value="NGP:Corpus Christi"
    />
    <option
      key="484"
      value="NGU:Norfolk"
    />
    <option
      key="485"
      value="NHK:Patuxent River"
    />
    <option
      key="486"
      value="BXM:Brunswick"
    />
    <option
      key="487"
      value="NID:China Lake"
    />
    <option
      key="488"
      value="NIP:Jacksonville"
    />
    <option
      key="489"
      value="NJK:El Centro"
    />
    <option
      key="490"
      value="NKT:Cherry Point"
    />
    <option
      key="491"
      value="NKX:San Diego"
    />
    <option
      key="492"
      value="NLC:Lemoore"
    />
    <option
      key="493"
      value="NMM:Meridian"
    />
    <option
      key="494"
      value="NPA:Pensacola"
    />
    <option
      key="495"
      value="NQA:Millington"
    />
    <option
      key="496"
      value="NQI:Kingsville"
    />
    <option
      key="497"
      value="NQX:Key West"
    />
    <option
      key="498"
      value="NRB:Mayport"
    />
    <option
      key="499"
      value="NSE:Milton"
    />
    <option
      key="500"
      value="NTD:Point Mugu"
    />
    <option
      key="501"
      value="NTU:Virginia Beach"
    />
    <option
      key="502"
      value="NUQ:Mountain View"
    />
    <option
      key="503"
      value="NUW:Oak Harbor"
    />
    <option
      key="504"
      value="NXP:Twentynine Palms"
    />
    <option
      key="505"
      value="NYG:Quantico"
    />
    <option
      key="506"
      value="NYL:Yuma"
    />
    <option
      key="507"
      value="NZY:San Diego"
    />
    <option
      key="508"
      value="OAJ:Jacksonville"
    />
    <option
      key="509"
      value="OAK:Oakland"
    />
    <option
      key="510"
      value="OFF:Omaha"
    />
    <option
      key="511"
      value="OFK:Norfolk"
    />
    <option
      key="512"
      value="OGB:Orangeburg"
    />
    <option
      key="513"
      value="OGD:Ogden"
    />
    <option
      key="514"
      value="OKC:Oklahoma City"
    />
    <option
      key="515"
      value="OLF:Wolf Point"
    />
    <option
      key="516"
      value="OLM:Olympia"
    />
    <option
      key="517"
      value="OLS:Nogales"
    />
    <option
      key="518"
      value="OLU:Columbus"
    />
    <option
      key="519"
      value="OMA:Omaha"
    />
    <option
      key="520"
      value="ONP:Newport"
    />
    <option
      key="521"
      value="ONT:Ontario"
    />
    <option
      key="522"
      value="OPF:Miami"
    />
    <option
      key="523"
      value="OQU:North Kingstown"
    />
    <option
      key="524"
      value="ORD:Chicago"
    />
    <option
      key="525"
      value="ORF:Norfolk"
    />
    <option
      key="526"
      value="ORH:Worcester"
    />
    <option
      key="527"
      value="OSH:Oshkosh"
    />
    <option
      key="528"
      value="OSU:Columbus"
    />
    <option
      key="529"
      value="OTH:North Bend"
    />
    <option
      key="530"
      value="OTM:Ottumwa"
    />
    <option
      key="531"
      value="OWB:Owensboro"
    />
    <option
      key="532"
      value="OWD:Norwood"
    />
    <option
      key="533"
      value="OXR:Oxnard"
    />
    <option
      key="534"
      value="OZR:Ozark"
    />
    <option
      key="535"
      value="PAE:Everett"
    />
    <option
      key="536"
      value="PAH:Paducah"
    />
    <option
      key="537"
      value="PAM:Panama City"
    />
    <option
      key="538"
      value="PBF:Pine Bluff"
    />
    <option
      key="539"
      value="PBG:Plattsburgh"
    />
    <option
      key="540"
      value="PBI:West Palm Beach"
    />
    <option
      key="541"
      value="PDK:Atlanta"
    />
    <option
      key="542"
      value="PDT:Pendleton"
    />
    <option
      key="543"
      value="PDX:Portland"
    />
    <option
      key="544"
      value="PGA:Page"
    />
    <option
      key="545"
      value="PGV:Greenville"
    />
    <option
      key="546"
      value="PHF:Newport News"
    />
    <option
      key="547"
      value="PHL:Philadelphia"
    />
    <option
      key="548"
      value="PHX:Phoenix"
    />
    <option
      key="549"
      value="PIA:Peoria"
    />
    <option
      key="550"
      value="PIB:Hattiesburg"
    />
    <option
      key="551"
      value="PIE:St Petersburg"
    />
    <option
      key="552"
      value="PIH:Pocatello"
    />
    <option
      key="553"
      value="PIR:Pierre"
    />
    <option
      key="554"
      value="PIT:Pittsburgh"
    />
    <option
      key="555"
      value="PKB:Parkersburg"
    />
    <option
      key="556"
      value="PLN:Pellston"
    />
    <option
      key="557"
      value="PMD:Palmdale"
    />
    <option
      key="558"
      value="PNA:Pinedale"
    />
    <option
      key="559"
      value="PNC:Ponca City"
    />
    <option
      key="560"
      value="PNE:Philadelphia"
    />
    <option
      key="561"
      value="PNS:Pensacola"
    />
    <option
      key="562"
      value="POB:Fayetteville"
    />
    <option
      key="563"
      value="POE:Fort Polk"
    />
    <option
      key="564"
      value="POU:Poughkeepsie"
    />
    <option
      key="565"
      value="PQI:Presque Isle"
    />
    <option
      key="566"
      value="PRB:Paso Robles"
    />
    <option
      key="567"
      value="PRC:Prescott"
    />
    <option
      key="568"
      value="PRX:Paris"
    />
    <option
      key="569"
      value="PSC:Pasco"
    />
    <option
      key="570"
      value="PSM:Portsmouth"
    />
    <option
      key="571"
      value="PSP:Palm Springs"
    />
    <option
      key="572"
      value="PTK:Pontiac"
    />
    <option
      key="573"
      value="PUW:Pullman/Moscow"
    />
    <option
      key="574"
      value="PVD:Providence"
    />
    <option
      key="575"
      value="PVU:Provo"
    />
    <option
      key="576"
      value="PWK:Chicago"
    />
    <option
      key="577"
      value="PWM:Portland"
    />
    <option
      key="578"
      value="PWT:Bremerton"
    />
    <option
      key="579"
      value="RAL:Riverside"
    />
    <option
      key="580"
      value="RAP:Rapid City"
    />
    <option
      key="581"
      value="RBL:Red Bluff"
    />
    <option
      key="582"
      value="RCA:Rapid City"
    />
    <option
      key="583"
      value="RDD:Redding"
    />
    <option
      key="584"
      value="RDG:Reading"
    />
    <option
      key="585"
      value="RDM:Redmond"
    />
    <option
      key="586"
      value="RDR:Grand Forks"
    />
    <option
      key="587"
      value="RDU:Raleigh"
    />
    <option
      key="588"
      value="RFD:Chicago"
    />
    <option
      key="589"
      value="RHI:Rhinelander"
    />
    <option
      key="590"
      value="RIC:Richmond"
    />
    <option
      key="591"
      value="RIL:Rifle"
    />
    <option
      key="592"
      value="RIV:Riverside"
    />
    <option
      key="593"
      value="RIW:Riverton"
    />
    <option
      key="594"
      value="RKS:Rock Springs"
    />
    <option
      key="595"
      value="RME:Rome"
    />
    <option
      key="596"
      value="RMG:Rome"
    />
    <option
      key="597"
      value="RND:Universal City"
    />
    <option
      key="598"
      value="RNH:New Richmond"
    />
    <option
      key="599"
      value="RNO:Reno"
    />
    <option
      key="600"
      value="ROA:Roanoke"
    />
    <option
      key="601"
      value="ROC:Rochester"
    />
    <option
      key="602"
      value="ROW:Roswell"
    />
    <option
      key="603"
      value="RSL:Russell"
    />
    <option
      key="604"
      value="RST:Rochester"
    />
    <option
      key="605"
      value="RSW:Fort Myers"
    />
    <option
      key="606"
      value="RUT:Rutland"
    />
    <option
      key="607"
      value="RVS:Tulsa"
    />
    <option
      key="608"
      value="RWF:Redwood Falls"
    />
    <option
      key="609"
      value="RWI:Rocky Mount"
    />
    <option
      key="610"
      value="RWL:Rawlins"
    />
    <option
      key="611"
      value="RYY:Atlanta"
    />
    <option
      key="612"
      value="SAC:Sacramento"
    />
    <option
      key="613"
      value="SAF:Santa Fe"
    />
    <option
      key="614"
      value="SAN:San Diego"
    />
    <option
      key="615"
      value="SAT:San Antonio"
    />
    <option
      key="616"
      value="SAV:Savannah"
    />
    <option
      key="617"
      value="SAW:Marquette"
    />
    <option
      key="618"
      value="SBA:Santa Barbara"
    />
    <option
      key="619"
      value="SBD:San Bernardino"
    />
    <option
      key="620"
      value="SBN:South Bend"
    />
    <option
      key="621"
      value="SBP:San Luis Obispo"
    />
    <option
      key="622"
      value="SBY:Salisbury"
    />
    <option
      key="623"
      value="SCH:Schenectady"
    />
    <option
      key="624"
      value="SCK:Stockton"
    />
    <option
      key="625"
      value="SDF:Louisville"
    />
    <option
      key="626"
      value="SDM:San Diego"
    />
    <option
      key="627"
      value="SDY:Sidney"
    />
    <option
      key="628"
      value="SEA:Seattle"
    />
    <option
      key="629"
      value="SFB:Orlando"
    />
    <option
      key="630"
      value="SFF:Spokane"
    />
    <option
      key="631"
      value="SFO:San Francisco"
    />
    <option
      key="632"
      value="SGF:Springfield"
    />
    <option
      key="633"
      value="SGH:Springfield"
    />
    <option
      key="634"
      value="SGJ:St Augustine"
    />
    <option
      key="635"
      value="SGR:Houston"
    />
    <option
      key="636"
      value="SGU:St George"
    />
    <option
      key="637"
      value="SHR:Sheridan"
    />
    <option
      key="638"
      value="SHV:Shreveport"
    />
    <option
      key="639"
      value="SJC:San Jose"
    />
    <option
      key="640"
      value="SJT:San Angelo"
    />
    <option
      key="641"
      value="SKA:Spokane"
    />
    <option
      key="642"
      value="SKF:San Antonio"
    />
    <option
      key="643"
      value="SLC:Salt Lake City"
    />
    <option
      key="644"
      value="SLE:Salem"
    />
    <option
      key="645"
      value="SLI:Los Alamitos"
    />
    <option
      key="646"
      value="SLK:Saranac Lake"
    />
    <option
      key="647"
      value="SLN:Salina"
    />
    <option
      key="648"
      value="SME:Somerset"
    />
    <option
      key="649"
      value="SMF:Sacramento"
    />
    <option
      key="650"
      value="SMN:Salmon"
    />
    <option
      key="651"
      value="SMX:Santa Maria"
    />
    <option
      key="652"
      value="SNA:Santa Ana"
    />
    <option
      key="653"
      value="SNS:Salinas"
    />
    <option
      key="654"
      value="SNY:Sidney"
    />
    <option
      key="655"
      value="SOA:Sonora"
    />
    <option
      key="656"
      value="SPI:Springfield"
    />
    <option
      key="657"
      value="SPS:Wichita Falls"
    />
    <option
      key="658"
      value="SRQ:Sarasota"
    />
    <option
      key="659"
      value="SRR:Ruidoso"
    />
    <option
      key="660"
      value="SSC:Sumter"
    />
    <option
      key="661"
      value="SSF:San Antonio"
    />
    <option
      key="662"
      value="SSI:Brunswick"
    />
    <option
      key="663"
      value="STC:St Cloud"
    />
    <option
      key="664"
      value="STJ:St Joseph"
    />
    <option
      key="665"
      value="STL:St Louis"
    />
    <option
      key="666"
      value="STP:St Paul"
    />
    <option
      key="667"
      value="STS:Santa Rosa"
    />
    <option
      key="668"
      value="SUN:Hailey"
    />
    <option
      key="669"
      value="SUS:St Louis"
    />
    <option
      key="670"
      value="SUU:Fairfield"
    />
    <option
      key="671"
      value="SUX:Sioux City"
    />
    <option
      key="672"
      value="SUZ:Benton"
    />
    <option
      key="673"
      value="SVN:Savannah"
    />
    <option
      key="674"
      value="SWF:Newburgh"
    />
    <option
      key="675"
      value="SWO:Stillwater"
    />
    <option
      key="676"
      value="SYR:Syracuse"
    />
    <option
      key="677"
      value="SZL:Knob Noster"
    />
    <option
      key="678"
      value="TBN:Fort Leonard Wood"
    />
    <option
      key="679"
      value="TCC:Tucumcari"
    />
    <option
      key="680"
      value="TCL:Tuscaloosa"
    />
    <option
      key="681"
      value="TCM:Tacoma"
    />
    <option
      key="682"
      value="TCS:Truth Or Consequences"
    />
    <option
      key="683"
      value="TEB:Teterboro"
    />
    <option
      key="684"
      value="TIK:Oklahoma City"
    />
    <option
      key="685"
      value="TIW:Tacoma"
    />
    <option
      key="686"
      value="TIX:Titusville"
    />
    <option
      key="687"
      value="TLH:Tallahassee"
    />
    <option
      key="688"
      value="TMB:Miami"
    />
    <option
      key="689"
      value="TOI:Troy"
    />
    <option
      key="690"
      value="TOL:Toledo"
    />
    <option
      key="691"
      value="TOP:Topeka"
    />
    <option
      key="692"
      value="TPA:Tampa"
    />
    <option
      key="693"
      value="TPH:Tonopah"
    />
    <option
      key="694"
      value="TPL:Temple"
    />
    <option
      key="695"
      value="TRI:Kingsport"
    />
    <option
      key="696"
      value="TRK:Truckee"
    />
    <option
      key="697"
      value="TRM:Palm Springs"
    />
    <option
      key="698"
      value="TTD:Portland"
    />
    <option
      key="699"
      value="TTN:Trenton"
    />
    <option
      key="700"
      value="TTS:Titusville"
    />
    <option
      key="701"
      value="TUL:Tulsa"
    />
    <option
      key="702"
      value="TUP:Tupelo"
    />
    <option
      key="703"
      value="TUS:Tucson"
    />
    <option
      key="704"
      value="TVC:Traverse City"
    />
    <option
      key="705"
      value="TVL:South Lake Tahoe"
    />
    <option
      key="706"
      value="TWF:Twin Falls"
    />
    <option
      key="707"
      value="TXK:Texarkana"
    />
    <option
      key="708"
      value="TYR:Tyler"
    />
    <option
      key="709"
      value="TYS:Knoxville"
    />
    <option
      key="710"
      value="UAO:Aurora"
    />
    <option
      key="711"
      value="UIN:Quincy"
    />
    <option
      key="712"
      value="UKI:Ukiah"
    />
    <option
      key="713"
      value="UNV:State College"
    />
    <option
      key="714"
      value="UOX:Oxford"
    />
    <option
      key="715"
      value="UTS:Huntsville"
    />
    <option
      key="716"
      value="VAD:Valdosta"
    />
    <option
      key="717"
      value="VBG:Lompoc"
    />
    <option
      key="718"
      value="VCT:Victoria"
    />
    <option
      key="719"
      value="VEL:Vernal"
    />
    <option
      key="720"
      value="VGT:Las Vegas"
    />
    <option
      key="721"
      value="VLD:Valdosta"
    />
    <option
      key="722"
      value="VNY:Van Nuys"
    />
    <option
      key="723"
      value="VOK:Camp Douglas"
    />
    <option
      key="724"
      value="VPS:Valparaiso"
    />
    <option
      key="725"
      value="VPZ:Valparaiso"
    />
    <option
      key="726"
      value="VRB:Vero Beach"
    />
    <option
      key="727"
      value="VTN:Valentine"
    />
    <option
      key="728"
      value="W63:Clarksville"
    />
    <option
      key="729"
      value="WJF:Lancaster"
    />
    <option
      key="730"
      value="WMC:Winnemucca"
    />
    <option
      key="731"
      value="WRB:Warner Robins"
    />
    <option
      key="732"
      value="WRI:Wrightstown"
    />
    <option
      key="733"
      value="WRL:Worland"
    />
    <option
      key="734"
      value="WWD:Wildwood"
    />
    <option
      key="735"
      value="WWR:Woodward"
    />
    <option
      key="736"
      value="WYS:West Yellowstone"
    />
    <option
      key="737"
      value="XMR:Cocoa Beach"
    />
    <option
      key="738"
      value="XNA:Fayetteville"
    />
    <option
      key="739"
      value="YIP:Detroit"
    />
    <option
      key="740"
      value="YKM:Yakima"
    />
    <option
      key="741"
      value="YKN:Yankton"
    />
    <option
      key="742"
      value="YNG:Youngstown/Warren"
    />
    <option
      key="743"
      value="ZZV:Zanesville"
    />
    <option
      key="744"
      value="PAQ:Palmer"
    />
    <option
      key="745"
      value="BTI:Barter Island Lrrs"
    />
    <option
      key="746"
      value="BET:Bethel"
    />
    <option
      key="747"
      value="BIG:Delta Junction Ft Greely"
    />
    <option
      key="748"
      value="BVK:Buckland"
    />
    <option
      key="749"
      value="BRW:Wiley Post"
    />
    <option
      key="750"
      value="BTT:Bettles"
    />
    <option
      key="751"
      value="BCV:Birchwood"
    />
    <option
      key="752"
      value="CDB:Cold Bay"
    />
    <option
      key="753"
      value="Z84:Clear"
    />
    <option
      key="754"
      value="SCM:Scammon Bay"
    />
    <option
      key="755"
      value="CDV:Cordova"
    />
    <option
      key="756"
      value="CZF:Cape Romanzof"
    />
    <option
      key="757"
      value="DEE:Deering"
    />
    <option
      key="758"
      value="ADK:Adak Island"
    />
    <option
      key="759"
      value="DLG:Dillingham"
    />
    <option
      key="760"
      value="MDM:Marshall"
    />
    <option
      key="761"
      value="ADQ:Kodiak"
    />
    <option
      key="762"
      value="DUT:Unalaska"
    />
    <option
      key="763"
      value="EDF:Anchorage"
    />
    <option
      key="764"
      value="EHM:Cape Newenham"
    />
    <option
      key="765"
      value="EIL:Fairbanks"
    />
    <option
      key="766"
      value="ENM:Emmonak"
    />
    <option
      key="767"
      value="ENA:Kenai"
    />
    <option
      key="768"
      value="FAI:Fairbanks"
    />
    <option
      key="769"
      value="FBK:Fairbanks"
    />
    <option
      key="770"
      value="AFE:Kake"
    />
    <option
      key="771"
      value="AFM:Ambler"
    />
    <option
      key="772"
      value="GAL:Galena"
    />
    <option
      key="773"
      value="GKN:Gulkana"
    />
    <option
      key="774"
      value="GAM:Gambell"
    />
    <option
      key="775"
      value="GST:Gustavus"
    />
    <option
      key="776"
      value="HCA:Holy Cross"
    />
    <option
      key="777"
      value="HLA:Huslia"
    />
    <option
      key="778"
      value="HNS:Haines"
    />
    <option
      key="779"
      value="HOM:Homer"
    />
    <option
      key="780"
      value="HPB:Hooper Bay"
    />
    <option
      key="781"
      value="EII:Egegik"
    />
    <option
      key="782"
      value="IAN:Kiana"
    />
    <option
      key="783"
      value="ILI:Iliamna"
    />
    <option
      key="784"
      value="UTO:Utopia Creek"
    />
    <option
      key="785"
      value="JNU:Juneau"
    />
    <option
      key="786"
      value="AKN:King Salmon"
    />
    <option
      key="787"
      value="AKP:Anaktuvuk Pass"
    />
    <option
      key="788"
      value="KTN:Ketchikan"
    />
    <option
      key="789"
      value="AKW:Klawock"
    />
    <option
      key="790"
      value="LUR:Cape Lisburne"
    />
    <option
      key="791"
      value="MCG:McGrath"
    />
    <option
      key="792"
      value="MRI:Anchorage"
    />
    <option
      key="793"
      value="MYU:Mekoryuk"
    />
    <option
      key="794"
      value="ANC:Anchorage"
    />
    <option
      key="795"
      value="ANI:Aniak"
    />
    <option
      key="796"
      value="ENN:Nenana"
    />
    <option
      key="797"
      value="ANN:Annette"
    />
    <option
      key="798"
      value="ANV:Anvik"
    />
    <option
      key="799"
      value="OME:Nome"
    />
    <option
      key="800"
      value="ORT:Northway"
    />
    <option
      key="801"
      value="OTZ:Kotzebue"
    />
    <option
      key="802"
      value="PBV:St George"
    />
    <option
      key="803"
      value="KPC:Port Clarence"
    />
    <option
      key="804"
      value="PSG:Petersburg"
    />
    <option
      key="805"
      value="PTH:Port Heiden"
    />
    <option
      key="806"
      value="PTU:Platinum"
    />
    <option
      key="807"
      value="AQT:Nuiqsut"
    />
    <option
      key="808"
      value="ARC:Arctic Village"
    />
    <option
      key="809"
      value="RBY:Ruby"
    />
    <option
      key="810"
      value="SVA:Savoonga"
    />
    <option
      key="811"
      value="SCC:Deadhorse"
    />
    <option
      key="812"
      value="SDP:Sand Point"
    />
    <option
      key="813"
      value="SHH:Shishmaref"
    />
    <option
      key="814"
      value="SIT:Sitka"
    />
    <option
      key="815"
      value="WLK:Selawik"
    />
    <option
      key="816"
      value="KSM:St Mary's"
    />
    <option
      key="817"
      value="SNP:St Paul Island"
    />
    <option
      key="818"
      value="SVW:Sparrevohn"
    />
    <option
      key="819"
      value="SXQ:Soldotna"
    />
    <option
      key="820"
      value="SYA:Shemya"
    />
    <option
      key="821"
      value="TOG:Togiak Village"
    />
    <option
      key="822"
      value="TKA:Talkeetna"
    />
    <option
      key="823"
      value="TLJ:Takotna"
    />
    <option
      key="824"
      value="ATK:Atqasuk"
    />
    <option
      key="825"
      value="VDZ:Valdez"
    />
    <option
      key="826"
      value="KVL:Kivalina"
    />
    <option
      key="827"
      value="SWD:Seward"
    />
    <option
      key="828"
      value="WRG:Wrangell"
    />
    <option
      key="829"
      value="AWI:Wainwright"
    />
    <option
      key="830"
      value="WTK:Noatak"
    />
    <option
      key="831"
      value="IYS:Wasilla"
    />
    <option
      key="832"
      value="YAK:Yakutat"
    />
    <option
      key="833"
      value="FYU:Fort Yukon"
    />
    <option
      key="834"
      value="BKH:Kekaha"
    />
    <option
      key="835"
      value="HDH:Mokuleia"
    />
    <option
      key="836"
      value="HHI:Wahiawa"
    />
    <option
      key="837"
      value="HNM:Hana"
    />
    <option
      key="838"
      value="JHM:Lahaina"
    />
    <option
      key="839"
      value="JRF:Kapolei"
    />
    <option
      key="840"
      value="KOA:Kailua/Kona"
    />
    <option
      key="841"
      value="LIH:Lihue"
    />
    <option
      key="842"
      value="MKK:Kaunakakai"
    />
    <option
      key="843"
      value="MUE:Kamuela"
    />
    <option
      key="844"
      value="NGF:Kaneohe"
    />
    <option
      key="845"
      value="HNL:Honolulu"
    />
    <option
      key="846"
      value="LNY:Lanai City"
    />
    <option
      key="847"
      value="OGG:Kahului"
    />
    <option
      key="848"
      value="BSF:Camp Pohakuloa"
    />
    <option
      key="849"
      value="ITO:Hilo"
    />
    <option
      key="850"
      value="UPP:Hawi"
    />
    <option
      key="851"
      value="PIZ:Point Lay"
    />
  </datalist>
</form>
`;
